
╔══════════════════════════════════╗
║    操作系统课程设计 - 基础模块   ║
╠══════════════════════════════════╣
║  1. 处理机调度                  ║
║     (FCFS/SJF/RR/优先级)        ║
║  2. 内存管理                    ║
║     (FF/BF, FIFO/LRU)           ║
║  3. 进程同步                    ║
║     (生产者/读者/哲学家)        ║
║  4. 文件系统                    ║
║     (文件管理/位图空闲管理)     ║
║  0. 退出                        ║
╚══════════════════════════════════╝
请选择: 
========== 处理机调度 ==========
1. FCFS 先来先服务
2. SJF  短作业优先
3. RR   时间片轮转
4. 优先级调度
0. 返回主菜单
请选择: 请输入进程数量: 请输入每个进程的 (到达时间 服务时间):
P1: P2: P3: 
===== FCFS 先来先服务调度 =====

进程	到达	服务	等待	周转
P1	0	5	0	5
P2	2	3	3	6
P3	4	8	4	12

平均等待时间: 2.33
平均周转时间: 7.67
甘特图: [P1] [P2] [P3] 

========== 处理机调度 ==========
1. FCFS 先来先服务
2. SJF  短作业优先
3. RR   时间片轮转
4. 优先级调度
0. 返回主菜单
请选择: 请输入进程数量: 请输入每个进程的 (到达时间 服务时间):
P1: P2: P3: 
===== SJF 短作业优先调度（非抢占） =====
执行 P1 (服务时间=5)
执行 P2 (服务时间=3)
执行 P3 (服务时间=8)

进程	到达	服务	等待	周转
P1	0	5	0	5
P2	2	3	3	6
P3	4	8	4	12

平均等待时间: 2.33
平均周转时间: 7.67

========== 处理机调度 ==========
1. FCFS 先来先服务
2. SJF  短作业优先
3. RR   时间片轮转
4. 优先级调度
0. 返回主菜单
请选择: 请输入进程数量: 请输入每个进程的 (到达时间 服务时间):
P1: P2: P3: 请输入时间片大小: 
===== RR 时间片轮转调度 (时间片=2) =====
甘特图: [P1] [P2] [P1] [P3] [P2] [P1] [P3] [P3] [P3] 

进程	到达	服务	等待	周转
P1	0	5	5	10
P2	2	3	4	7
P3	4	8	4	12

平均等待时间: 4.33
平均周转时间: 9.67

========== 处理机调度 ==========
1. FCFS 先来先服务
2. SJF  短作业优先
3. RR   时间片轮转
4. 优先级调度
0. 返回主菜单
请选择: 请输入进程数量: 请输入每个进程的 (到达时间 服务时间 优先级):
P1: P2: P3: 
===== 优先级调度（非抢占，数值越小优先级越高） =====
执行 P1 (优先级=1, 服务时间=5)
执行 P2 (优先级=2, 服务时间=3)
执行 P3 (优先级=3, 服务时间=8)

进程	到达	服务	等待	周转
P1	0	5	0	5
P2	2	3	3	6
P3	4	8	4	12

平均等待时间: 2.33
平均周转时间: 7.67

========== 处理机调度 ==========
1. FCFS 先来先服务
2. SJF  短作业优先
3. RR   时间片轮转
4. 优先级调度
0. 返回主菜单
请选择: 
╔══════════════════════════════════╗
║    操作系统课程设计 - 基础模块   ║
╠══════════════════════════════════╣
║  1. 处理机调度                  ║
║     (FCFS/SJF/RR/优先级)        ║
║  2. 内存管理                    ║
║     (FF/BF, FIFO/LRU)           ║
║  3. 进程同步                    ║
║     (生产者/读者/哲学家)        ║
║  4. 文件系统                    ║
║     (文件管理/位图空闲管理)     ║
║  0. 退出                        ║
╚══════════════════════════════════╝
请选择: 
========== 内存管理 ==========
1. 初始化内存
2. 首次适应 (FF) 分配
3. 最佳适应 (BF) 分配
4. 释放分区
5. 显示分区状态
6. 页面置换 - FIFO
7. 页面置换 - LRU
0. 返回主菜单
请选择: 请输入内存总大小 (KB): 
--- 当前内存分区状态 ---
分区编号 起始地址 大小    
空闲     0            1024      

========== 内存管理 ==========
1. 初始化内存
2. 首次适应 (FF) 分配
3. 最佳适应 (BF) 分配
4. 释放分区
5. 显示分区状态
6. 页面置换 - FIFO
7. 页面置换 - LRU
0. 返回主菜单
请选择: 请输入进程ID和所需大小(KB): FF: 进程P1 分配 200 KB, 起始地址 0

--- 当前内存分区状态 ---
分区编号 起始地址 大小    
进程P1       0            200       
空闲     200          824       

========== 内存管理 ==========
1. 初始化内存
2. 首次适应 (FF) 分配
3. 最佳适应 (BF) 分配
4. 释放分区
5. 显示分区状态
6. 页面置换 - FIFO
7. 页面置换 - LRU
0. 返回主菜单
请选择: 请输入进程ID和所需大小(KB): FF: 进程P2 分配 300 KB, 起始地址 200

--- 当前内存分区状态 ---
分区编号 起始地址 大小    
进程P1       0            200       
进程P2       200          300       
空闲     500          524       

========== 内存管理 ==========
1. 初始化内存
2. 首次适应 (FF) 分配
3. 最佳适应 (BF) 分配
4. 释放分区
5. 显示分区状态
6. 页面置换 - FIFO
7. 页面置换 - LRU
0. 返回主菜单
请选择: 请输入进程ID和所需大小(KB): BF: 进程P3 分配 150 KB, 起始地址 500

--- 当前内存分区状态 ---
分区编号 起始地址 大小    
进程P1       0            200       
进程P2       200          300       
进程P3       500          150       
空闲     650          374       

========== 内存管理 ==========
1. 初始化内存
2. 首次适应 (FF) 分配
3. 最佳适应 (BF) 分配
4. 释放分区
5. 显示分区状态
6. 页面置换 - FIFO
7. 页面置换 - LRU
0. 返回主菜单
请选择: 
--- 当前内存分区状态 ---
分区编号 起始地址 大小    
进程P1       0            200       
进程P2       200          300       
进程P3       500          150       
空闲     650          374       

========== 内存管理 ==========
1. 初始化内存
2. 首次适应 (FF) 分配
3. 最佳适应 (BF) 分配
4. 释放分区
5. 显示分区状态
6. 页面置换 - FIFO
7. 页面置换 - LRU
0. 返回主菜单
请选择: 请输入要释放的进程ID: 释放进程P2 占用的分区 (起始=200, 大小=300)

--- 当前内存分区状态 ---
分区编号 起始地址 大小    
进程P1       0            200       
空闲     200          300       
进程P3       500          150       
空闲     650          374       

========== 内存管理 ==========
1. 初始化内存
2. 首次适应 (FF) 分配
3. 最佳适应 (BF) 分配
4. 释放分区
5. 显示分区状态
6. 页面置换 - FIFO
7. 页面置换 - LRU
0. 返回主菜单
请选择: 
--- 当前内存分区状态 ---
分区编号 起始地址 大小    
进程P1       0            200       
空闲     200          300       
进程P3       500          150       
空闲     650          374       

========== 内存管理 ==========
1. 初始化内存
2. 首次适应 (FF) 分配
3. 最佳适应 (BF) 分配
4. 释放分区
5. 显示分区状态
6. 页面置换 - FIFO
7. 页面置换 - LRU
0. 返回主菜单
请选择: 请输入要释放的进程ID: 释放进程P1 占用的分区 (起始=0, 大小=200)

--- 当前内存分区状态 ---
分区编号 起始地址 大小    
空闲     0            500       
进程P3       500          150       
空闲     650          374       

========== 内存管理 ==========
1. 初始化内存
2. 首次适应 (FF) 分配
3. 最佳适应 (BF) 分配
4. 释放分区
5. 显示分区状态
6. 页面置换 - FIFO
7. 页面置换 - LRU
0. 返回主菜单
请选择: 
--- 当前内存分区状态 ---
分区编号 起始地址 大小    
空闲     0            500       
进程P3       500          150       
空闲     650          374       

========== 内存管理 ==========
1. 初始化内存
2. 首次适应 (FF) 分配
3. 最佳适应 (BF) 分配
4. 释放分区
5. 显示分区状态
6. 页面置换 - FIFO
7. 页面置换 - LRU
0. 返回主菜单
请选择: 请输入引用串长度: 请输入引用串 (空格分隔): 请输入物理帧数: 
===== FIFO 页面置换 (帧数=3) =====
引用串: 7 0 1 2 0 3 0 4 2 3 0 3 2 1 2 0 1 7 0 1 

时刻0: 访问页7 → 缺页(装入帧0) [7 空 空 ]
时刻1: 访问页0 → 缺页(装入帧1) [7 0 空 ]
时刻2: 访问页1 → 缺页(装入帧2) [7 0 1 ]
时刻3: 访问页2 → 缺页(装入帧0) [2 0 1 ]
时刻4: 访问页0 → 命中 [2 0 1 ]
时刻5: 访问页3 → 缺页(装入帧1) [2 3 1 ]
时刻6: 访问页0 → 缺页(装入帧2) [2 3 0 ]
时刻7: 访问页4 → 缺页(装入帧0) [4 3 0 ]
时刻8: 访问页2 → 缺页(装入帧1) [4 2 0 ]
时刻9: 访问页3 → 缺页(装入帧2) [4 2 3 ]
时刻10: 访问页0 → 缺页(装入帧0) [0 2 3 ]
时刻11: 访问页3 → 命中 [0 2 3 ]
时刻12: 访问页2 → 命中 [0 2 3 ]
时刻13: 访问页1 → 缺页(装入帧1) [0 1 3 ]
时刻14: 访问页2 → 缺页(装入帧2) [0 1 2 ]
时刻15: 访问页0 → 命中 [0 1 2 ]
时刻16: 访问页1 → 命中 [0 1 2 ]
时刻17: 访问页7 → 缺页(装入帧0) [7 1 2 ]
时刻18: 访问页0 → 缺页(装入帧1) [7 0 2 ]
时刻19: 访问页1 → 缺页(装入帧2) [7 0 1 ]

缺页次数: 15, 缺页率: 75.00%

========== 内存管理 ==========
1. 初始化内存
2. 首次适应 (FF) 分配
3. 最佳适应 (BF) 分配
4. 释放分区
5. 显示分区状态
6. 页面置换 - FIFO
7. 页面置换 - LRU
0. 返回主菜单
请选择: 请输入引用串长度: 请输入引用串 (空格分隔): 请输入物理帧数: 
===== LRU 页面置换 (帧数=3) =====
引用串: 7 0 1 2 0 3 0 4 2 3 0 3 2 1 2 0 1 7 0 1 

时刻0: 访问页7 → 缺页(装入帧0) [7 空 空 ]
时刻1: 访问页0 → 缺页(装入帧1) [7 0 空 ]
时刻2: 访问页1 → 缺页(装入帧2) [7 0 1 ]
时刻3: 访问页2 → 缺页(装入帧0) [2 0 1 ]
时刻4: 访问页0 → 命中 [2 0 1 ]
时刻5: 访问页3 → 缺页(装入帧2) [2 0 3 ]
时刻6: 访问页0 → 命中 [2 0 3 ]
时刻7: 访问页4 → 缺页(装入帧0) [4 0 3 ]
时刻8: 访问页2 → 缺页(装入帧2) [4 0 2 ]
时刻9: 访问页3 → 缺页(装入帧1) [4 3 2 ]
时刻10: 访问页0 → 缺页(装入帧0) [0 3 2 ]
时刻11: 访问页3 → 命中 [0 3 2 ]
时刻12: 访问页2 → 命中 [0 3 2 ]
时刻13: 访问页1 → 缺页(装入帧0) [1 3 2 ]
时刻14: 访问页2 → 命中 [1 3 2 ]
时刻15: 访问页0 → 缺页(装入帧1) [1 0 2 ]
时刻16: 访问页1 → 命中 [1 0 2 ]
时刻17: 访问页7 → 缺页(装入帧2) [1 0 7 ]
时刻18: 访问页0 → 命中 [1 0 7 ]
时刻19: 访问页1 → 命中 [1 0 7 ]

缺页次数: 12, 缺页率: 60.00%

========== 内存管理 ==========
1. 初始化内存
2. 首次适应 (FF) 分配
3. 最佳适应 (BF) 分配
4. 释放分区
5. 显示分区状态
6. 页面置换 - FIFO
7. 页面置换 - LRU
0. 返回主菜单
请选择: 
╔══════════════════════════════════╗
║    操作系统课程设计 - 基础模块   ║
╠══════════════════════════════════╣
║  1. 处理机调度                  ║
║     (FCFS/SJF/RR/优先级)        ║
║  2. 内存管理                    ║
║     (FF/BF, FIFO/LRU)           ║
║  3. 进程同步                    ║
║     (生产者/读者/哲学家)        ║
║  4. 文件系统                    ║
║     (文件管理/位图空闲管理)     ║
║  0. 退出                        ║
╚══════════════════════════════════╝
请选择: 
========== 进程同步 ==========
1. 生产者-消费者问题
2. 读者-写者问题
3. 哲学家进餐问题
0. 返回主菜单
请选择: 
===== 生产者-消费者问题 (pthread + semaphore) =====
缓冲区大小: 5 | 2个生产者(各产8个) | 2个消费者(各消费8个)

[生产者P1] 生产产品#1000 → 放入 buffer[0] (当前缓冲: 1000 )
[消费者C2] 消费产品#1000 ← 取自 buffer[0] (当前缓冲: )
[生产者P2] 生产产品#2000 → 放入 buffer[1] (当前缓冲: 2000 )
[消费者C1] 消费产品#2000 ← 取自 buffer[1] (当前缓冲: )
[生产者P2] 生产产品#2001 → 放入 buffer[2] (当前缓冲: 2001 )
[生产者P1] 生产产品#1001 → 放入 buffer[3] (当前缓冲: 2001 1001 )
[消费者C2] 消费产品#2001 ← 取自 buffer[2] (当前缓冲: 1001 )
[消费者C1] 消费产品#1001 ← 取自 buffer[3] (当前缓冲: )
[生产者P1] 生产产品#1002 → 放入 buffer[4] (当前缓冲: 1002 )
[消费者C2] 消费产品#1002 ← 取自 buffer[4] (当前缓冲: )
[生产者P2] 生产产品#2002 → 放入 buffer[0] (当前缓冲: 2002 )
[消费者C1] 消费产品#2002 ← 取自 buffer[0] (当前缓冲: )
[生产者P1] 生产产品#1003 → 放入 buffer[1] (当前缓冲: 1003 )
[生产者P2] 生产产品#2003 → 放入 buffer[2] (当前缓冲: 1003 2003 )
[生产者P1] 生产产品#1004 → 放入 buffer[3] (当前缓冲: 1003 2003 1004 )
[生产者P2] 生产产品#2004 → 放入 buffer[4] (当前缓冲: 1003 2003 1004 2004 )
[生产者P1] 生产产品#1005 → 放入 buffer[0] (当前缓冲: )
[消费者C1] 消费产品#1003 ← 取自 buffer[1] (当前缓冲: 2003 1004 2004 1005 )
[生产者P2] 生产产品#2005 → 放入 buffer[1] (当前缓冲: )
[消费者C2] 消费产品#2003 ← 取自 buffer[2] (当前缓冲: 1004 2004 1005 2005 )
[消费者C2] 消费产品#1004 ← 取自 buffer[3] (当前缓冲: 2004 1005 2005 )
[消费者C1] 消费产品#2004 ← 取自 buffer[4] (当前缓冲: 1005 2005 )
[生产者P1] 生产产品#1006 → 放入 buffer[2] (当前缓冲: 1005 2005 1006 )
[生产者P2] 生产产品#2006 → 放入 buffer[3] (当前缓冲: 1005 2005 1006 2006 )
[生产者P1] 生产产品#1007 → 放入 buffer[4] (当前缓冲: )
[生产者P1] 生产结束
[消费者C1] 消费产品#1005 ← 取自 buffer[0] (当前缓冲: 2005 1006 2006 1007 )
[生产者P2] 生产产品#2007 → 放入 buffer[0] (当前缓冲: )
[生产者P2] 生产结束
[消费者C2] 消费产品#2005 ← 取自 buffer[1] (当前缓冲: 1006 2006 1007 2007 )
[消费者C2] 消费产品#1006 ← 取自 buffer[2] (当前缓冲: 2006 1007 2007 )
[消费者C1] 消费产品#2006 ← 取自 buffer[3] (当前缓冲: 1007 2007 )
[消费者C1] 消费产品#1007 ← 取自 buffer[4] (当前缓冲: 2007 )
[消费者C2] 消费产品#2007 ← 取自 buffer[0] (当前缓冲: )
[消费者C1] 消费结束
[消费者C2] 消费结束

生产者-消费者演示完成。共生产=16, 共消费=16


========== 进程同步 ==========
1. 生产者-消费者问题
2. 读者-写者问题
3. 哲学家进餐问题
0. 返回主菜单
请选择: 
===== 读者-写者问题 (读者优先, pthread + mutex) =====
共享数据初值=100 | 3个读者(各读5次) | 2个写者(各写3次)

[读者R2] 开始读... read_count=1, data=100
[读者R1] 开始读... read_count=2, data=100
[读者R3] 开始读... read_count=3, data=100
[读者R2] 读完, read_count=3→2
[读者R1] 读完, read_count=2→1
[读者R3] 读完, read_count=1→0
[写者W2] ★ 正在写入... data=110
[写者W1] ★ 正在写入... data=120
[读者R1] 开始读... read_count=1, data=120
[读者R2] 开始读... read_count=2, data=120
[读者R3] 开始读... read_count=3, data=120
[读者R3] 读完, read_count=3→2
[读者R2] 读完, read_count=2→1
[读者R1] 读完, read_count=1→0
[写者W2] ★ 正在写入... data=130
[写者W1] ★ 正在写入... data=140
[读者R1] 开始读... read_count=1, data=140
[读者R2] 开始读... read_count=2, data=140
[读者R3] 开始读... read_count=3, data=140
[读者R1] 读完, read_count=3→2
[读者R3] 读完, read_count=2→1
[读者R2] 读完, read_count=1→0
[写者W2] ★ 正在写入... data=150
[读者R2] 开始读... read_count=1, data=150
[读者R1] 开始读... read_count=2, data=150
[读者R3] 开始读... read_count=3, data=150
[读者R3] 读完, read_count=3→2
[读者R1] 读完, read_count=2→1
[读者R2] 读完, read_count=1→0
[写者W1] ★ 正在写入... data=160
[读者R1] 开始读... read_count=1, data=160
[读者R2] 开始读... read_count=2, data=160
[读者R3] 开始读... read_count=3, data=160
[读者R3] 读完, read_count=3→2
[读者R2] 读完, read_count=2→1
[读者R1] 读完, read_count=1→0

读者-写者演示完成。最终 data=160


========== 进程同步 ==========
1. 生产者-消费者问题
2. 读者-写者问题
3. 哲学家进餐问题
0. 返回主菜单
请选择: 
===== 哲学家进餐问题 (pthread + semaphore) =====
5位哲学家, 5根筷子, 限制最多4人同时尝试拿筷子(防死锁)
每位哲学家进餐 3 次

[哲学家0] 思考中... (第1次)
[哲学家2] 思考中... (第1次)
[哲学家1] 思考中... (第1次)
[哲学家3] 思考中... (第1次)
[哲学家4] 思考中... (第1次)
[哲学家4] 饥饿，等待筷子 4 和 0
[哲学家4] ▲ 拿起筷子4和0，正在进餐... (第1次)
[哲学家3] 饥饿，等待筷子 3 和 4
[哲学家1] 饥饿，等待筷子 1 和 2
[哲学家1] ▲ 拿起筷子1和2，正在进餐... (第1次)
[哲学家2] 饥饿，等待筷子 2 和 3
[哲学家0] 饥饿，等待筷子 0 和 1
[哲学家4] 放下筷子4和0，继续思考
[哲学家4] 思考中... (第2次)
[哲学家3] ▲ 拿起筷子3和4，正在进餐... (第1次)
[哲学家1] 放下筷子1和2，继续思考
[哲学家1] 思考中... (第2次)
[哲学家0] ▲ 拿起筷子0和1，正在进餐... (第1次)
[哲学家4] 饥饿，等待筷子 4 和 0
[哲学家1] 饥饿，等待筷子 1 和 2
[哲学家3] 放下筷子3和4，继续思考
[哲学家3] 思考中... (第2次)
[哲学家2] ▲ 拿起筷子2和3，正在进餐... (第1次)
[哲学家4] ▲ 拿起筷子4和0，正在进餐... (第2次)
[哲学家0] 放下筷子0和1，继续思考
[哲学家0] 思考中... (第2次)
[哲学家4] 放下筷子4和0，继续思考
[哲学家4] 思考中... (第3次)
[哲学家3] 饥饿，等待筷子 3 和 4
[哲学家0] 饥饿，等待筷子 0 和 1
[哲学家2] 放下筷子2和3，继续思考
[哲学家3] ▲ 拿起筷子3和4，正在进餐... (第2次)
[哲学家1] ▲ 拿起筷子1和2，正在进餐... (第2次)
[哲学家2] 思考中... (第2次)
[哲学家3] 放下筷子3和4，继续思考
[哲学家3] 思考中... (第3次)
[哲学家1] 放下筷子1和2，继续思考
[哲学家1] 思考中... (第3次)
[哲学家0] ▲ 拿起筷子0和1，正在进餐... (第2次)
[哲学家0] 放下筷子0和1，继续思考
[哲学家0] 思考中... (第3次)
[哲学家4] 饥饿，等待筷子 4 和 0
[哲学家4] ▲ 拿起筷子4和0，正在进餐... (第3次)
[哲学家2] 饥饿，等待筷子 2 和 3
[哲学家2] ▲ 拿起筷子2和3，正在进餐... (第2次)
[哲学家4] 放下筷子4和0，继续思考
[哲学家4] ☆ 已完成3次进餐，离开餐桌
[哲学家2] 放下筷子2和3，继续思考
[哲学家2] 思考中... (第3次)
[哲学家1] 饥饿，等待筷子 1 和 2
[哲学家1] ▲ 拿起筷子1和2，正在进餐... (第3次)
[哲学家3] 饥饿，等待筷子 3 和 4
[哲学家3] ▲ 拿起筷子3和4，正在进餐... (第3次)
[哲学家0] 饥饿，等待筷子 0 和 1
[哲学家3] 放下筷子3和4，继续思考
[哲学家3] ☆ 已完成3次进餐，离开餐桌
[哲学家1] 放下筷子1和2，继续思考
[哲学家1] ☆ 已完成3次进餐，离开餐桌
[哲学家0] ▲ 拿起筷子0和1，正在进餐... (第3次)
[哲学家2] 饥饿，等待筷子 2 和 3
[哲学家2] ▲ 拿起筷子2和3，正在进餐... (第3次)
[哲学家0] 放下筷子0和1，继续思考
[哲学家0] ☆ 已完成3次进餐，离开餐桌
[哲学家2] 放下筷子2和3，继续思考
[哲学家2] ☆ 已完成3次进餐，离开餐桌

哲学家进餐演示完成。


========== 进程同步 ==========
1. 生产者-消费者问题
2. 读者-写者问题
3. 哲学家进餐问题
0. 返回主菜单
请选择: 
╔══════════════════════════════════╗
║    操作系统课程设计 - 基础模块   ║
╠══════════════════════════════════╣
║  1. 处理机调度                  ║
║     (FCFS/SJF/RR/优先级)        ║
║  2. 内存管理                    ║
║     (FF/BF, FIFO/LRU)           ║
║  3. 进程同步                    ║
║     (生产者/读者/哲学家)        ║
║  4. 文件系统                    ║
║     (文件管理/位图空闲管理)     ║
║  0. 退出                        ║
╚══════════════════════════════════╝
请选择: 文件系统初始化完成。总块数=64, 块大小=1024B, 最大文件数=32

========== 文件系统 ==========
1. 创建文件
2. 删除文件
3. 读写文件
4. 查看文件
5. 显示所有文件
6. 显示位图
0. 返回主菜单
请选择: 文件名 大小(B): 创建文件成功: test.txt (ID=0, 大小=2048B, 占用2块)

========== 文件系统 ==========
1. 创建文件
2. 删除文件
3. 读写文件
4. 查看文件
5. 显示所有文件
6. 显示位图
0. 返回主菜单
请选择: 文件名 大小(B): 创建文件成功: photo.img (ID=1, 大小=5120B, 占用5块)

========== 文件系统 ==========
1. 创建文件
2. 删除文件
3. 读写文件
4. 查看文件
5. 显示所有文件
6. 显示位图
0. 返回主菜单
请选择: 文件名 大小(B): 创建文件成功: notes.txt (ID=2, 大小=256B, 占用1块)

========== 文件系统 ==========
1. 创建文件
2. 删除文件
3. 读写文件
4. 查看文件
5. 显示所有文件
6. 显示位图
0. 返回主菜单
请选择: 
=== 文件目录 ===
ID     文件名            大小(B)  块数   占用块
------------------------------------------------------------
0      test.txt             2048       2        0 1 
1      photo.img            5120       5        2 3 4 5 6 
2      notes.txt            256        1        7 

========== 文件系统 ==========
1. 创建文件
2. 删除文件
3. 读写文件
4. 查看文件
5. 显示所有文件
6. 显示位图
0. 返回主菜单
请选择: 文件名 数据内容: 写入文件 'test.txt' 成功 (10字节)
--- 读取验证 ---

读取文件 'test.txt' (大小=2048B, 块数=2):
  块0: HelloWorld......................................................
  块1: ................................................................

========== 文件系统 ==========
1. 创建文件
2. 删除文件
3. 读写文件
4. 查看文件
5. 显示所有文件
6. 显示位图
0. 返回主菜单
请选择: 文件名 数据内容: 写入文件 'photo.img' 成功 (10字节)
--- 读取验证 ---

读取文件 'photo.img' (大小=5120B, 块数=5):
  块2: IMAGE-DATA......................................................
  块3: ................................................................
  块4: ................................................................
  块5: ................................................................
  块6: ................................................................

========== 文件系统 ==========
1. 创建文件
2. 删除文件
3. 读写文件
4. 查看文件
5. 显示所有文件
6. 显示位图
0. 返回主菜单
请选择: 
=== 文件目录 ===
ID     文件名            大小(B)  块数   占用块
------------------------------------------------------------
0      test.txt             2048       2        0 1 
1      photo.img            5120       5        2 3 4 5 6 
2      notes.txt            256        1        7 

========== 文件系统 ==========
1. 创建文件
2. 删除文件
3. 读写文件
4. 查看文件
5. 显示所有文件
6. 显示位图
0. 返回主菜单
请选择: 
=== 磁盘位图 (0=空闲 1=占用) ===

块 0: 1111111100000000
块16: 0000000000000000
块32: 0000000000000000
块48: 0000000000000000

空闲块数: 56 / 64

========== 文件系统 ==========
1. 创建文件
2. 删除文件
3. 读写文件
4. 查看文件
5. 显示所有文件
6. 显示位图
0. 返回主菜单
请选择: 文件名: 删除文件: notes.txt (释放1块)

========== 文件系统 ==========
1. 创建文件
2. 删除文件
3. 读写文件
4. 查看文件
5. 显示所有文件
6. 显示位图
0. 返回主菜单
请选择: 
=== 文件目录 ===
ID     文件名            大小(B)  块数   占用块
------------------------------------------------------------
0      test.txt             2048       2        0 1 
1      photo.img            5120       5        2 3 4 5 6 

========== 文件系统 ==========
1. 创建文件
2. 删除文件
3. 读写文件
4. 查看文件
5. 显示所有文件
6. 显示位图
0. 返回主菜单
请选择: 
=== 磁盘位图 (0=空闲 1=占用) ===

块 0: 1111111000000000
块16: 0000000000000000
块32: 0000000000000000
块48: 0000000000000000

空闲块数: 57 / 64

========== 文件系统 ==========
1. 创建文件
2. 删除文件
3. 读写文件
4. 查看文件
5. 显示所有文件
6. 显示位图
0. 返回主菜单
请选择: 文件名: 
读取文件 'test.txt' (大小=2048B, 块数=2):
  块0: HelloWorld......................................................
  块1: ................................................................

========== 文件系统 ==========
1. 创建文件
2. 删除文件
3. 读写文件
4. 查看文件
5. 显示所有文件
6. 显示位图
0. 返回主菜单
请选择: 文件名: 
读取文件 'photo.img' (大小=5120B, 块数=5):
  块2: IMAGE-DATA......................................................
  块3: ................................................................
  块4: ................................................................
  块5: ................................................................
  块6: ................................................................

========== 文件系统 ==========
1. 创建文件
2. 删除文件
3. 读写文件
4. 查看文件
5. 显示所有文件
6. 显示位图
0. 返回主菜单
请选择: 
╔══════════════════════════════════╗
║    操作系统课程设计 - 基础模块   ║
╠══════════════════════════════════╣
║  1. 处理机调度                  ║
║     (FCFS/SJF/RR/优先级)        ║
║  2. 内存管理                    ║
║     (FF/BF, FIFO/LRU)           ║
║  3. 进程同步                    ║
║     (生产者/读者/哲学家)        ║
║  4. 文件系统                    ║
║     (文件管理/位图空闲管理)     ║
║  0. 退出                        ║
╚══════════════════════════════════╝
请选择: 再见!
